C:/Users/Haris/Documents/OpenEPT/OpenEPT/Firmware/ADFirmware/Drivers/STM32H7xx_HAL_Driver/Src/stm32h7xx_hal_usart.c:276:19:HAL_USART_Init	16	static
C:/Users/Haris/Documents/OpenEPT/OpenEPT/Firmware/ADFirmware/Drivers/STM32H7xx_HAL_Driver/Src/stm32h7xx_hal_usart.c:338:19:HAL_USART_DeInit	16	static
C:/Users/Haris/Documents/OpenEPT/OpenEPT/Firmware/ADFirmware/Drivers/STM32H7xx_HAL_Driver/Src/stm32h7xx_hal_usart.c:381:13:HAL_USART_MspInit	16	static
C:/Users/Haris/Documents/OpenEPT/OpenEPT/Firmware/ADFirmware/Drivers/STM32H7xx_HAL_Driver/Src/stm32h7xx_hal_usart.c:396:13:HAL_USART_MspDeInit	16	static
C:/Users/Haris/Documents/OpenEPT/OpenEPT/Firmware/ADFirmware/Drivers/STM32H7xx_HAL_Driver/Src/stm32h7xx_hal_usart.c:744:19:HAL_USART_Transmit	48	static
C:/Users/Haris/Documents/OpenEPT/OpenEPT/Firmware/ADFirmware/Drivers/STM32H7xx_HAL_Driver/Src/stm32h7xx_hal_usart.c:842:19:HAL_USART_Receive	48	static
C:/Users/Haris/Documents/OpenEPT/OpenEPT/Firmware/ADFirmware/Drivers/STM32H7xx_HAL_Driver/Src/stm32h7xx_hal_usart.c:954:19:HAL_USART_TransmitReceive	64	static
C:/Users/Haris/Documents/OpenEPT/OpenEPT/Firmware/ADFirmware/Drivers/STM32H7xx_HAL_Driver/Src/stm32h7xx_hal_usart.c:1101:19:HAL_USART_Transmit_IT	24	static
C:/Users/Haris/Documents/OpenEPT/OpenEPT/Firmware/ADFirmware/Drivers/STM32H7xx_HAL_Driver/Src/stm32h7xx_hal_usart.c:1184:19:HAL_USART_Receive_IT	32	static
C:/Users/Haris/Documents/OpenEPT/OpenEPT/Firmware/ADFirmware/Drivers/STM32H7xx_HAL_Driver/Src/stm32h7xx_hal_usart.c:1298:19:HAL_USART_TransmitReceive_IT	24	static
C:/Users/Haris/Documents/OpenEPT/OpenEPT/Firmware/ADFirmware/Drivers/STM32H7xx_HAL_Driver/Src/stm32h7xx_hal_usart.c:1406:19:HAL_USART_Transmit_DMA	32	static
C:/Users/Haris/Documents/OpenEPT/OpenEPT/Firmware/ADFirmware/Drivers/STM32H7xx_HAL_Driver/Src/stm32h7xx_hal_usart.c:1491:19:HAL_USART_Receive_DMA	32	static
C:/Users/Haris/Documents/OpenEPT/OpenEPT/Firmware/ADFirmware/Drivers/STM32H7xx_HAL_Driver/Src/stm32h7xx_hal_usart.c:1611:19:HAL_USART_TransmitReceive_DMA	32	static
C:/Users/Haris/Documents/OpenEPT/OpenEPT/Firmware/ADFirmware/Drivers/STM32H7xx_HAL_Driver/Src/stm32h7xx_hal_usart.c:1731:19:HAL_USART_DMAPause	24	static
C:/Users/Haris/Documents/OpenEPT/OpenEPT/Firmware/ADFirmware/Drivers/STM32H7xx_HAL_Driver/Src/stm32h7xx_hal_usart.c:1778:19:HAL_USART_DMAResume	24	static
C:/Users/Haris/Documents/OpenEPT/OpenEPT/Firmware/ADFirmware/Drivers/STM32H7xx_HAL_Driver/Src/stm32h7xx_hal_usart.c:1825:19:HAL_USART_DMAStop	16	static
C:/Users/Haris/Documents/OpenEPT/OpenEPT/Firmware/ADFirmware/Drivers/STM32H7xx_HAL_Driver/Src/stm32h7xx_hal_usart.c:1885:19:HAL_USART_Abort	16	static
C:/Users/Haris/Documents/OpenEPT/OpenEPT/Firmware/ADFirmware/Drivers/STM32H7xx_HAL_Driver/Src/stm32h7xx_hal_usart.c:1983:19:HAL_USART_Abort_IT	24	static
C:/Users/Haris/Documents/OpenEPT/OpenEPT/Firmware/ADFirmware/Drivers/STM32H7xx_HAL_Driver/Src/stm32h7xx_hal_usart.c:2115:6:HAL_USART_IRQHandler	40	static
C:/Users/Haris/Documents/OpenEPT/OpenEPT/Firmware/ADFirmware/Drivers/STM32H7xx_HAL_Driver/Src/stm32h7xx_hal_usart.c:2355:13:HAL_USART_TxCpltCallback	16	static
C:/Users/Haris/Documents/OpenEPT/OpenEPT/Firmware/ADFirmware/Drivers/STM32H7xx_HAL_Driver/Src/stm32h7xx_hal_usart.c:2370:13:HAL_USART_TxHalfCpltCallback	16	static
C:/Users/Haris/Documents/OpenEPT/OpenEPT/Firmware/ADFirmware/Drivers/STM32H7xx_HAL_Driver/Src/stm32h7xx_hal_usart.c:2385:13:HAL_USART_RxCpltCallback	16	static
C:/Users/Haris/Documents/OpenEPT/OpenEPT/Firmware/ADFirmware/Drivers/STM32H7xx_HAL_Driver/Src/stm32h7xx_hal_usart.c:2400:13:HAL_USART_RxHalfCpltCallback	16	static
C:/Users/Haris/Documents/OpenEPT/OpenEPT/Firmware/ADFirmware/Drivers/STM32H7xx_HAL_Driver/Src/stm32h7xx_hal_usart.c:2415:13:HAL_USART_TxRxCpltCallback	16	static
C:/Users/Haris/Documents/OpenEPT/OpenEPT/Firmware/ADFirmware/Drivers/STM32H7xx_HAL_Driver/Src/stm32h7xx_hal_usart.c:2430:13:HAL_USART_ErrorCallback	16	static
C:/Users/Haris/Documents/OpenEPT/OpenEPT/Firmware/ADFirmware/Drivers/STM32H7xx_HAL_Driver/Src/stm32h7xx_hal_usart.c:2445:13:HAL_USART_AbortCpltCallback	16	static
C:/Users/Haris/Documents/OpenEPT/OpenEPT/Firmware/ADFirmware/Drivers/STM32H7xx_HAL_Driver/Src/stm32h7xx_hal_usart.c:2482:24:HAL_USART_GetState	16	static
C:/Users/Haris/Documents/OpenEPT/OpenEPT/Firmware/ADFirmware/Drivers/STM32H7xx_HAL_Driver/Src/stm32h7xx_hal_usart.c:2493:10:HAL_USART_GetError	16	static
C:/Users/Haris/Documents/OpenEPT/OpenEPT/Firmware/ADFirmware/Drivers/STM32H7xx_HAL_Driver/Src/stm32h7xx_hal_usart.c:2536:13:USART_EndTransfer	16	static
C:/Users/Haris/Documents/OpenEPT/OpenEPT/Firmware/ADFirmware/Drivers/STM32H7xx_HAL_Driver/Src/stm32h7xx_hal_usart.c:2552:13:USART_DMATransmitCplt	24	static
C:/Users/Haris/Documents/OpenEPT/OpenEPT/Firmware/ADFirmware/Drivers/STM32H7xx_HAL_Driver/Src/stm32h7xx_hal_usart.c:2592:13:USART_DMATxHalfCplt	24	static
C:/Users/Haris/Documents/OpenEPT/OpenEPT/Firmware/ADFirmware/Drivers/STM32H7xx_HAL_Driver/Src/stm32h7xx_hal_usart.c:2610:13:USART_DMAReceiveCplt	24	static
C:/Users/Haris/Documents/OpenEPT/OpenEPT/Firmware/ADFirmware/Drivers/STM32H7xx_HAL_Driver/Src/stm32h7xx_hal_usart.c:2685:13:USART_DMARxHalfCplt	24	static
C:/Users/Haris/Documents/OpenEPT/OpenEPT/Firmware/ADFirmware/Drivers/STM32H7xx_HAL_Driver/Src/stm32h7xx_hal_usart.c:2703:13:USART_DMAError	24	static
C:/Users/Haris/Documents/OpenEPT/OpenEPT/Firmware/ADFirmware/Drivers/STM32H7xx_HAL_Driver/Src/stm32h7xx_hal_usart.c:2729:13:USART_DMAAbortOnError	24	static
C:/Users/Haris/Documents/OpenEPT/OpenEPT/Firmware/ADFirmware/Drivers/STM32H7xx_HAL_Driver/Src/stm32h7xx_hal_usart.c:2752:13:USART_DMATxAbortCallback	24	static
C:/Users/Haris/Documents/OpenEPT/OpenEPT/Firmware/ADFirmware/Drivers/STM32H7xx_HAL_Driver/Src/stm32h7xx_hal_usart.c:2800:13:USART_DMARxAbortCallback	24	static
C:/Users/Haris/Documents/OpenEPT/OpenEPT/Firmware/ADFirmware/Drivers/STM32H7xx_HAL_Driver/Src/stm32h7xx_hal_usart.c:2849:26:USART_WaitOnFlagUntilTimeout	24	static
C:/Users/Haris/Documents/OpenEPT/OpenEPT/Firmware/ADFirmware/Drivers/STM32H7xx_HAL_Driver/Src/stm32h7xx_hal_usart.c:2877:26:USART_SetConfig	64	static
C:/Users/Haris/Documents/OpenEPT/OpenEPT/Firmware/ADFirmware/Drivers/STM32H7xx_HAL_Driver/Src/stm32h7xx_hal_usart.c:3000:26:USART_CheckIdleState	32	static
C:/Users/Haris/Documents/OpenEPT/OpenEPT/Firmware/ADFirmware/Drivers/STM32H7xx_HAL_Driver/Src/stm32h7xx_hal_usart.c:3050:13:USART_TxISR_8BIT	24	static
C:/Users/Haris/Documents/OpenEPT/OpenEPT/Firmware/ADFirmware/Drivers/STM32H7xx_HAL_Driver/Src/stm32h7xx_hal_usart.c:3085:13:USART_TxISR_16BIT	24	static
C:/Users/Haris/Documents/OpenEPT/OpenEPT/Firmware/ADFirmware/Drivers/STM32H7xx_HAL_Driver/Src/stm32h7xx_hal_usart.c:3121:13:USART_TxISR_8BIT_FIFOEN	24	static
C:/Users/Haris/Documents/OpenEPT/OpenEPT/Firmware/ADFirmware/Drivers/STM32H7xx_HAL_Driver/Src/stm32h7xx_hal_usart.c:3166:13:USART_TxISR_16BIT_FIFOEN	24	static
C:/Users/Haris/Documents/OpenEPT/OpenEPT/Firmware/ADFirmware/Drivers/STM32H7xx_HAL_Driver/Src/stm32h7xx_hal_usart.c:3209:13:USART_EndTransmit_IT	16	static
C:/Users/Haris/Documents/OpenEPT/OpenEPT/Firmware/ADFirmware/Drivers/STM32H7xx_HAL_Driver/Src/stm32h7xx_hal_usart.c:3266:13:USART_RxISR_8BIT	32	static
C:/Users/Haris/Documents/OpenEPT/OpenEPT/Firmware/ADFirmware/Drivers/STM32H7xx_HAL_Driver/Src/stm32h7xx_hal_usart.c:3357:13:USART_RxISR_16BIT	32	static
C:/Users/Haris/Documents/OpenEPT/OpenEPT/Firmware/ADFirmware/Drivers/STM32H7xx_HAL_Driver/Src/stm32h7xx_hal_usart.c:3450:13:USART_RxISR_8BIT_FIFOEN	32	static
C:/Users/Haris/Documents/OpenEPT/OpenEPT/Firmware/ADFirmware/Drivers/STM32H7xx_HAL_Driver/Src/stm32h7xx_hal_usart.c:3583:13:USART_RxISR_16BIT_FIFOEN	40	static
