../Core/Src/main.c:91:5:main	32	static,ignoring_inline_asm
../Core/Src/main.c:211:6:SystemClock_Config	128	static
../Core/Src/main.c:276:13:MX_ADC1_Init	48	static
../Core/Src/main.c:344:13:MX_DAC1_Init	48	static
../Core/Src/main.c:387:13:MX_USART3_Init	8	static
../Core/Src/main.c:433:13:MX_DMA_Init	16	static
../Core/Src/main.c:451:13:MX_GPIO_Init	40	static
../Core/Src/main.c:480:6:StartDefaultTask	16	static
../Core/Src/main.c:495:6:MPU_Config	24	static
../Core/Src/main.c:526:6:Error_Handler	4	static,ignoring_inline_asm
